GLIBC_2.2.5 {
    global:
        /* errno */
        __errno_location;

        /* startup */
        __libc_start_main;
        __frankenlibc_startup_phase0;
        __frankenlibc_startup_snapshot;

        /* string/memory operations */
        memcpy;
        memmove;
        memset;
        memcmp;
        memchr;
        memrchr;
        memccpy;
        memmem;
        mempcpy;
        strlen;
        strnlen;
        strcmp;
        strncmp;
        strcpy;
        stpcpy;
        strncpy;
        stpncpy;
        strcat;
        strncat;
        strchr;
        strchrnul;
        strrchr;
        strstr;
        strspn;
        strcspn;
        strpbrk;
        strcasecmp;
        strncasecmp;
        strcasestr;
        strdup;
        strndup;
        strerror;
        strerror_r;
        strcoll;
        strxfrm;
        strlcat;
        strlcpy;
        strsep;
        strtok;
        strtok_r;
        swab;
        index;
        rindex;

        /* BSD/GNU memory operations */
        bcmp;
        bcopy;
        bzero;
        explicit_bzero;

        /* wide string operations */
        wcscat;
        wcschr;
        wcscmp;
        wcscpy;
        wcscspn;
        wcsdup;
        wcslen;
        wcsncat;
        wcsncmp;
        wcsncpy;
        wcspbrk;
        wcsrchr;
        wcsspn;
        wcsstr;
        wcstok;
        wmemchr;
        wmemcmp;
        wmemcpy;
        wmemmove;
        wmemset;

        /* memory allocation */
        malloc;
        free;
        calloc;
        realloc;
        aligned_alloc;
        memalign;
        posix_memalign;

        /* stdlib */
        abs;
        labs;
        llabs;
        div;
        ldiv;
        lldiv;
        atoi;
        atol;
        atoll;
        atof;
        strtol;
        strtoll;
        strtoul;
        strtoull;
        strtoimax;
        strtoumax;
        strtod;
        strtof;
        qsort;
        bsearch;
        getenv;
        setenv;
        unsetenv;
        secure_getenv;
        rand;
        rand_r;
        srand;
        ffs;
        ffsl;
        ffsll;
        exit;
        atexit;

        /* ctype */
        isalnum;
        isalpha;
        isascii;
        isblank;
        iscntrl;
        isdigit;
        isgraph;
        islower;
        isprint;
        ispunct;
        isspace;
        isupper;
        isxdigit;
        toascii;
        tolower;
        toupper;

        /* stdio */
        printf;
        fprintf;
        sprintf;
        snprintf;
        dprintf;
        asprintf;
        fopen;
        fclose;
        fread;
        fwrite;
        fgetc;
        fgets;
        fputc;
        fputs;
        fflush;
        fseek;
        ftell;
        rewind;
        feof;
        ferror;
        clearerr;
        fileno;
        setbuf;
        setvbuf;
        getchar;
        putchar;
        puts;
        ungetc;
        perror;
        stdin;
        stdout;
        stderr;
        getc;
        putc;
        fgetpos;
        fsetpos;
        fdopen;
        freopen;
        remove;
        getdelim;
        getline;
        tmpfile;
        tmpnam;

        /* math operations — double precision */
        sin;
        cos;
        tan;
        asin;
        acos;
        atan;
        atan2;
        sinh;
        cosh;
        tanh;
        asinh;
        acosh;
        atanh;
        exp;
        exp2;
        expm1;
        log;
        log2;
        log10;
        log1p;
        pow;
        sqrt;
        cbrt;
        hypot;
        copysign;
        fabs;
        fdim;
        fma;
        fmax;
        fmin;
        ceil;
        floor;
        round;
        trunc;
        rint;
        nearbyint;
        fmod;
        remainder;
        modf;
        frexp;
        ldexp;
        ilogb;
        logb;
        scalbn;
        scalbln;
        nextafter;
        lrint;
        llrint;
        lround;
        llround;
        erf;
        erfc;
        tgamma;
        lgamma;

        /* math operations — single precision */
        sinf;
        cosf;
        tanf;
        asinf;
        acosf;
        atanf;
        atan2f;
        expf;
        log2f;
        log10f;
        logf;
        powf;
        sqrtf;
        fabsf;
        fmodf;
        ceilf;
        floorf;
        roundf;
        truncf;

        /* iconv */
        iconv_open;
        iconv;
        iconv_close;

        /* locale */
        setlocale;
        localeconv;
        nl_langinfo;

        /* pthread */
        pthread_self;
        pthread_equal;
        pthread_create;
        pthread_join;
        pthread_detach;
        pthread_mutex_init;
        pthread_mutex_destroy;
        pthread_mutex_lock;
        pthread_mutex_trylock;
        pthread_mutex_unlock;
        pthread_rwlock_init;
        pthread_rwlock_destroy;
        pthread_rwlock_rdlock;
        pthread_rwlock_wrlock;
        pthread_rwlock_unlock;
        pthread_cond_init;
        pthread_cond_destroy;
        pthread_cond_signal;
        pthread_cond_broadcast;
        pthread_cond_wait;

        /* passwd database */
        getpwnam;
        getpwuid;
        getpwent;
        setpwent;
        endpwent;
        getpwnam_r;
        getpwuid_r;

        /* group database */
        getgrnam;
        getgrgid;
        getgrent;
        setgrent;
        endgrent;
        getgrnam_r;
        getgrgid_r;

        /* socket operations */
        socket;
        bind;
        listen;
        accept;
        accept4;
        connect;
        send;
        recv;
        sendto;
        recvfrom;
        sendmsg;
        recvmsg;
        shutdown;
        setsockopt;
        getsockopt;
        getpeername;
        getsockname;
        socketpair;

        /* resolver */
        getaddrinfo;
        freeaddrinfo;
        getnameinfo;
        gai_strerror;

        /* inet / network byte order */
        htons;
        htonl;
        ntohs;
        ntohl;
        inet_pton;
        inet_ntop;
        inet_addr;
        inet_aton;
        inet_ntoa;

        /* unistd / POSIX I/O */
        read;
        write;
        close;
        open;
        creat;
        lseek;
        access;
        chdir;
        fchdir;
        getcwd;
        readlink;
        symlink;
        link;
        unlink;
        rmdir;
        rename;
        mkdir;
        chmod;
        fchmod;
        chown;
        fchown;
        lchown;
        umask;
        truncate;
        ftruncate;
        flock;
        stat;
        lstat;
        fstat;
        fsync;
        fdatasync;
        sleep;
        usleep;
        isatty;
        uname;
        gethostname;
        getrusage;
        alarm;
        getpid;
        getppid;
        getuid;
        geteuid;
        getgid;
        getegid;
        getpgid;
        getsid;
        setpgid;
        setsid;
        setuid;
        seteuid;
        setreuid;
        setgid;
        setegid;
        setregid;
        getgroups;
        setgroups;

        /* inotify */
        inotify_init;
        inotify_init1;
        inotify_add_watch;
        inotify_rm_watch;

        /* interval timers */
        setitimer;
        getitimer;

        /* filesystem creation */
        mknod;
        mkfifo;

        /* system configuration */
        sysconf;

        /* *at() family — directory-fd-relative operations */
        openat;
        fstatat;
        unlinkat;
        renameat;
        mkdirat;
        readlinkat;
        symlinkat;
        faccessat;
        fchownat;
        fchmodat;
        linkat;

        /* process */
        fork;
        vfork;
        execve;
        execvp;
        wait;
        waitpid;
        wait3;
        wait4;
        waitid;
        _exit;

        /* signal */
        signal;
        sigaction;
        kill;
        killpg;
        raise;
        sigprocmask;
        pthread_sigmask;
        sigemptyset;
        sigfillset;
        sigaddset;
        sigdelset;
        sigismember;
        pause;
        sigsuspend;
        sigaltstack;

        /* I/O */
        dup;
        dup2;
        dup3;
        pipe;
        pipe2;
        fcntl;
        ioctl;
        pread;
        pwrite;
        readv;
        writev;
        sendfile;

        /* poll/select/epoll */
        poll;
        ppoll;
        select;
        pselect;
        epoll_create;
        epoll_create1;
        epoll_ctl;
        epoll_wait;
        epoll_pwait;

        /* eventfd / timerfd */
        eventfd;
        timerfd_create;
        timerfd_settime;
        timerfd_gettime;

        /* scheduler / prctl */
        sched_yield;
        prctl;

        /* mmap */
        mmap;
        munmap;
        mprotect;
        msync;
        madvise;
        mlock;
        munlock;
        mlockall;
        munlockall;

        /* directory */
        opendir;
        closedir;
        readdir;

        /* time */
        time;
        clock;
        clock_gettime;
        clock_getres;
        clock_nanosleep;
        localtime_r;
        gmtime_r;
        mktime;
        timegm;
        difftime;
        gettimeofday;
        nanosleep;
        asctime_r;
        ctime_r;

        /* termios */
        tcgetattr;
        tcsetattr;
        tcsendbreak;
        tcdrain;
        tcflush;
        tcflow;
        cfgetispeed;
        cfgetospeed;
        cfsetispeed;
        cfsetospeed;

        /* resource */
        getrlimit;
        setrlimit;

        /* dlfcn */
        dlopen;
        dlclose;
        dlsym;
        dlerror;

    local:
        *;
};
