GLIBC_2.2.5 {
    global:
        /* string/memory operations */
        memcpy;
        memmove;
        memset;
        memcmp;
        memchr;
        memrchr;
        strlen;
        strnlen;
        strcmp;
        strncmp;
        strcpy;
        stpcpy;
        strncpy;
        stpncpy;
        strcat;
        strncat;
        strchr;
        strchrnul;
        strrchr;
        strstr;
        strtok;
        strtok_r;

        /* memory allocation */
        malloc;
        free;
        calloc;
        realloc;

        /* iconv */
        iconv_open;
        iconv;
        iconv_close;

        /* locale */
        setlocale;
        localeconv;
        nl_langinfo;

        /* startup */
        __frankenlibc_startup_phase0;
        __frankenlibc_startup_snapshot;

        /* passwd database */
        getpwnam;
        getpwuid;
        getpwent;
        setpwent;
        endpwent;
        getpwnam_r;
        getpwuid_r;

        /* group database */
        getgrnam;
        getgrgid;
        getgrent;
        setgrent;
        endgrent;
        getgrnam_r;
        getgrgid_r;

        /* math operations */
        sin;
        cos;
        tan;
        asin;
        acos;
        atan;
        atan2;
        sinh;
        cosh;
        tanh;
        asinh;
        acosh;
        atanh;
        exp;
        exp2;
        expm1;
        log;
        log2;
        log10;
        log1p;
        pow;
        sqrt;
        cbrt;
        hypot;
        copysign;
        fabs;
        ceil;
        floor;
        round;
        trunc;
        rint;
        fmod;
        remainder;
        erf;
        tgamma;
        lgamma;

    local:
        *;
};
